------------------------------------------------------------
Timing Analyzer Summary
------------------------------------------------------------

Type  : Slow 1100mV 85C Model Setup 'clk'
Slack : 5.281
TNS   : 0.000

Type  : Slow 1100mV 85C Model Hold 'clk'
Slack : 0.281
TNS   : 0.000

Type  : Slow 1100mV 85C Model Minimum Pulse Width 'clk'
Slack : 8.845
TNS   : 0.000

Type  : Slow 1100mV 0C Model Setup 'clk'
Slack : 5.558
TNS   : 0.000

Type  : Slow 1100mV 0C Model Hold 'clk'
Slack : 0.344
TNS   : 0.000

Type  : Slow 1100mV 0C Model Minimum Pulse Width 'clk'
Slack : 8.890
TNS   : 0.000

Type  : Fast 1100mV 85C Model Setup 'clk'
Slack : 6.207
TNS   : 0.000

Type  : Fast 1100mV 85C Model Hold 'clk'
Slack : 0.158
TNS   : 0.000

Type  : Fast 1100mV 85C Model Minimum Pulse Width 'clk'
Slack : 8.453
TNS   : 0.000

Type  : Fast 1100mV 0C Model Setup 'clk'
Slack : 6.559
TNS   : 0.000

Type  : Fast 1100mV 0C Model Hold 'clk'
Slack : 0.166
TNS   : 0.000

Type  : Fast 1100mV 0C Model Minimum Pulse Width 'clk'
Slack : 8.408
TNS   : 0.000

------------------------------------------------------------
