Restore Archived Project report for DAC
Tue Mar 17 09:54:10 2020
Quartus Prime Version 19.1.0 Build 670 09/22/2019 SJ Lite Edition


---------------------
; Table of Contents ;
---------------------
  1. Legal Notice
  2. Restore Archived Project Summary
  3. Restore Archived Project Messages
  4. Files Restored
  5. Files Not Restored



----------------
; Legal Notice ;
----------------
Copyright (C) 2019  Intel Corporation. All rights reserved.
Your use of Intel Corporation's design tools, logic functions 
and other software and tools, and any partner logic 
functions, and any output files from any of the foregoing 
(including device programming or simulation files), and any 
associated documentation or information are expressly subject 
to the terms and conditions of the Intel Program License 
Subscription Agreement, the Intel Quartus Prime License Agreement,
the Intel FPGA IP License Agreement, or other applicable license
agreement, including, without limitation, that your use is for
the sole purpose of programming logic devices manufactured by
Intel and sold by Intel or its authorized distributors.  Please
refer to the applicable agreement for further details, at
https://fpgasoftware.intel.com/eula.



+-------------------------------------------------------------------------+
; Restore Archived Project Summary                                        ;
+---------------------------------+---------------------------------------+
; Restore Archived Project Status ; Successful - Tue Mar 17 09:54:10 2020 ;
; Revision Name                   ; DAC                                   ;
; Top-level Entity Name           ; DE0NANOson                            ;
; Family                          ; Cyclone V                             ;
+---------------------------------+---------------------------------------+


+-----------------------------------+
; Restore Archived Project Messages ;
+-----------------------------------+
Info: Successfully restored 'D:/Users/DouNe/Documents/Cours/VHDL/DAC.qar' into the 'D:/Users/DouNe/Documents/Cours/VHDL/DAC_restored/' directory
Info: Generated report 'DAC.restore.rpt'
Info (23030): Evaluation of Tcl script d:/programs/intelfpga_lite/19.1/quartus/common/tcl/apps/qpm/qar.tcl was successful
Info: Quartus Prime Shell was successful. 0 errors, 0 warnings
    Info: Peak virtual memory: 4747 megabytes
    Info: Processing ended: Tue Mar 17 09:54:11 2020
    Info: Elapsed time: 00:00:02
    Info: Total CPU time (on all processors): 00:00:01


+-------------------------+
; Files Restored          ;
+-------------------------+
; File Name               ;
+-------------------------+
; qar_info.json           ;
; ADC2.vhd                ;
; DAC.qpf                 ;
; DAC.qsf                 ;
; DAC.sdc                 ;
; DAC.vhd                 ;
; DEONANOSon.vhd          ;
; TestBenchFFTDEONANO.vhd ;
; assignment_defaults.qdf ;
; pack_son.vhd            ;
+-------------------------+


+--------------------+
; Files Not Restored ;
+--------------------+
; File Name          ;
+--------------------+


